##[group]Run ./devscripts/run_tests.sh
[36;1m./devscripts/run_tests.sh[0m
0

all-cpython-versions: 2.6, 2.7, 3.2, 3.3, 3.4, 3.5, 3.6, 3.7, 3.8, 3.9, 3.10, 3.11, 3.12
main-cpython-versions: 2.7, 3.2, 3.5, 3.9, 3.11
pypy-versions: pypy-2.7, pypy-3.6, pypy-3.7
cpython-versions: main
test-set: core
next: 3.13
PIP: python -m pip
PIP_DISABLE_PIP_VERSION_CHECK: true
PIP_NO_PYTHON_VERSION_WARNING: true
3 2 6
3 2 6
3 2 6
Python2 3 2 6
Python3 3 2 6
3 2 6
PYTHONHOME: /opt/hostedtoolcache/Python/3.2.6/x64
PYTHON_VER: cpython-3.2
PYTHON_IMPL: cpython
YTDL_TEST_SET: core
##[endgroup]
test_download_json (test.test_InfoExtractor.TestInfoExtractor) ... WARNING: [Dummy] None: Failed to parse JSON No JSON object could be decoded
ok
test_extract_jwplayer_data_realworld (test.test_InfoExtractor.TestInfoExtractor) ... ok
test_html_search_meta (test.test_InfoExtractor.TestInfoExtractor) ... ok
test_html_search_regex (test.test_InfoExtractor.TestInfoExtractor) ... ok
test_ie_key (test.test_InfoExtractor.TestInfoExtractor) ... ok
test_opengraph (test.test_InfoExtractor.TestInfoExtractor) ... ok
test_parse_f4m_formats (test.test_InfoExtractor.TestInfoExtractor) ... ok
test_parse_html5_media_entries (test.test_InfoExtractor.TestInfoExtractor) ... ok
test_parse_m3u8_formats (test.test_InfoExtractor.TestInfoExtractor) ... ok
test_parse_mpd_formats (test.test_InfoExtractor.TestInfoExtractor) ... WARNING: Unknown codec stpp
ok
test_parse_xspf (test.test_InfoExtractor.TestInfoExtractor) ... ok
test_response_with_expected_status_returns_content (test.test_InfoExtractor.TestInfoExtractor) ... ok
test_search_json_ld_realworld (test.test_InfoExtractor.TestInfoExtractor) ... ok
test_search_nextjs_data (test.test_InfoExtractor.TestInfoExtractor) ... ok
test_search_nuxt_data (test.test_InfoExtractor.TestInfoExtractor) ... ok
test_audio_only_extractor_format_selection (test.test_YoutubeDL.TestFormatSelection) ... ok
test_default_format_spec (test.test_YoutubeDL.TestFormatSelection) ... ok
test_format_filtering (test.test_YoutubeDL.TestFormatSelection) ... ok
test_format_not_available (test.test_YoutubeDL.TestFormatSelection) ... ok
test_format_selection (test.test_YoutubeDL.TestFormatSelection) ... ok
test_format_selection_audio (test.test_YoutubeDL.TestFormatSelection) ... ok
test_format_selection_audio_exts (test.test_YoutubeDL.TestFormatSelection) ... ok
test_format_selection_issue_10083 (test.test_YoutubeDL.TestFormatSelection) ... ok
test_format_selection_string_ops (test.test_YoutubeDL.TestFormatSelection) ... ok
test_format_selection_video (test.test_YoutubeDL.TestFormatSelection) ... ok
test_invalid_format_specs (test.test_YoutubeDL.TestFormatSelection) ... ok
test_prefer_free_formats (test.test_YoutubeDL.TestFormatSelection) ... ok
test_youtube_format_selection (test.test_YoutubeDL.TestFormatSelection) ... ok
test_add_extra_info (test.test_YoutubeDL.TestYoutubeDL) ... ok
Test addition of missing upload/release/_date from /release_/timestamp ... ok
test_do_not_override_ie_key_in_url_transparent (test.test_YoutubeDL.TestYoutubeDL) ... ok
test_format_note (test.test_YoutubeDL.TestYoutubeDL) ... ok
test_ignoreerrors_for_playlist_with_url_transparent_iterable_entries (test.test_YoutubeDL.TestYoutubeDL) ... ok
test_match_filter (test.test_YoutubeDL.TestYoutubeDL) ... ok
test_playlist_items_selection (test.test_YoutubeDL.TestYoutubeDL) ... ok
test_postprocessors (test.test_YoutubeDL.TestYoutubeDL) ... ok
test_prepare_filename (test.test_YoutubeDL.TestYoutubeDL) ... ok
test_subtitles (test.test_YoutubeDL.TestYoutubeDL) ... ok
test_urlopen_no_file_protocol (test.test_YoutubeDL.TestYoutubeDL) ... ok
test_add_headers_cookie (test.test_YoutubeDL.TestYoutubeDLCookies) ... WARNING: Passing cookies as a header is a potential security risk; they will be scoped to the domain of the downloaded urls. Please consider loading cookies from a file or browser instead.
ok
test_header_cookies (test.test_YoutubeDL.TestYoutubeDLCookies) ... ok
test_infojson_cookies (test.test_YoutubeDL.TestYoutubeDLCookies) ... WARNING: The extractor result contains an unscoped cookie as an HTTP header. If you are specifying an input URL, ; please report this issue on https://github.com/ytdl-org/youtube-dl/issues , using the appropriate issue template. Make sure you are using the latest version; see  https://github.com/ytdl-org/youtube-dl/#user-content-installation  on how to update. Be sure to call youtube-dl with the --verbose option and include the complete output.
ok
test_get_cookie_header (test.test_YoutubeDLCookieJar.TestYoutubeDLCookieJar) ... ok
test_get_cookies_for_url (test.test_YoutubeDLCookieJar.TestYoutubeDLCookieJar) ... ok
test_keep_session_cookies (test.test_YoutubeDLCookieJar.TestYoutubeDLCookieJar) ... ok
test_malformed_cookies (test.test_YoutubeDLCookieJar.TestYoutubeDLCookieJar) ... WARNING: skipping cookie file entry due to invalid length 6: 'www.foobar.foobar\tFALSE\t/\tFALSE\t0\tCOOKIE\n'
WARNING: skipping cookie file entry due to invalid expires at 1.7976931348623157e+308: 'www.foobar.foobar\tFALSE\t/\tFALSE\t1.7976931348623157e+308\tCOOKIE\tVALUE\n'
ok
test_strip_httponly_prefix (test.test_YoutubeDLCookieJar.TestYoutubeDLCookieJar) ... ok
test_cbc_decrypt (test.test_aes.TestAES) ... ok
test_cbc_encrypt (test.test_aes.TestAES) ... ok
test_decrypt_text (test.test_aes.TestAES) ... ok
test_ecb_encrypt (test.test_aes.TestAES) ... ok
test_encrypt (test.test_aes.TestAES) ... ok
test_facebook_matching (test.test_all_urls.TestAllURLsMatching) ... ok
test_keywords (test.test_all_urls.TestAllURLsMatching) ... ok
test_no_duplicated_ie_names (test.test_all_urls.TestAllURLsMatching) ... ok
test_no_duplicates (test.test_all_urls.TestAllURLsMatching) ... ok
test_pbs (test.test_all_urls.TestAllURLsMatching) ... ok
test_soundcloud_not_matching_sets (test.test_all_urls.TestAllURLsMatching) ... ok
test_tumblr (test.test_all_urls.TestAllURLsMatching) ... ok
test_vimeo_matching (test.test_all_urls.TestAllURLsMatching) ... ok
test_youtube_channel_matching (test.test_all_urls.TestAllURLsMatching) ... ok
test_youtube_feeds (test.test_all_urls.TestAllURLsMatching) ... ok
test_youtube_matching (test.test_all_urls.TestAllURLsMatching) ... ok
test_youtube_playlist_matching (test.test_all_urls.TestAllURLsMatching) ... ok
test_youtube_search_matching (test.test_all_urls.TestAllURLsMatching) ... ok
test_youtube_user_matching (test.test_all_urls.TestAllURLsMatching) ... ok
test_cache (test.test_cache.TestCache) ... ok
test_cache_validation (test.test_cache.TestCache) ... ok
test_all_present (test.test_compat.TestCompat) ... ok
test_compat_casefold (test.test_compat.TestCompat) ... ok
test_compat_etree_Element (test.test_compat.TestCompat) ... ok
test_compat_etree_fromstring (test.test_compat.TestCompat) ... ok
test_compat_etree_fromstring_doctype (test.test_compat.TestCompat) ... ok
test_compat_expanduser (test.test_compat.TestCompat) ... ok
test_compat_getenv (test.test_compat.TestCompat) ... ok
test_compat_setenv (test.test_compat.TestCompat) ... ok
test_compat_shlex_split (test.test_compat.TestCompat) ... ok
test_compat_struct_unpack (test.test_compat.TestCompat) ... ok
test_compat_urllib_parse_unquote (test.test_compat.TestCompat) ... ok
test_compat_urllib_parse_unquote_plus (test.test_compat.TestCompat) ... ok
test_compat_urllib_parse_urlencode (test.test_compat.TestCompat) ... ok
test_compat_urllib_request_Request (test.test_compat.TestCompat) ... ok
test_make_cmd (test.test_downloader_external.TestAria2cFD) ... ok
test_chunked (test.test_downloader_external.TestAria2pFD) ... SKIP: aria2p not found
test_regular (test.test_downloader_external.TestAria2pFD) ... SKIP: aria2p not found
test_make_cmd (test.test_downloader_external.TestAxelFD) ... SKIP: axel not found
test_make_cmd (test.test_downloader_external.TestCurlFD) ... ok
test_make_cmd (test.test_downloader_external.TestFFmpegFD) ... SKIP: ffmpeg not found
test_make_cmd (test.test_downloader_external.TestHttpieFD) ... SKIP: httpie not found
test_make_cmd (test.test_downloader_external.TestWgetFD) ... ok
test_chunked (test.test_downloader_http.TestHttpFD) ... ok
test_regular (test.test_downloader_http.TestHttpFD) ... ok
test_cmdline_umlauts (test.test_execution.TestExecution) ... ok
test_import (test.test_execution.TestExecution) ... ok
test_lazy_extractors (test.test_execution.TestExecution) ... WARNING: Lazy loading extractors is an experimental feature that may not always work
..............

Ran 14 tests in 11.211s
2025-02-06T20:46:13.7741487Z
OK
ok
test_main_exec (test.test_execution.TestExecution) ... ok
test_module_exec (test.test_execution.TestExecution) ... ok
test_file_urls (test.test_http.TestFileURL) ... ok
test_brotli (test.test_http.TestHTTP) ... SKIP: brotli support is not installed
test_content_type (test.test_http.TestHTTP) ... ok
test_cookiejar (test.test_http.TestHTTP) ... ok
test_deflate (test.test_http.TestHTTP) ... ok
test_gzip (test.test_http.TestHTTP) ... ok
test_gzip_trailing_garbage (test.test_http.TestHTTP) ... ok
test_multiple_encodings (test.test_http.TestHTTP) ... ok
test_no_compression_compat_header (test.test_http.TestHTTP) ... ok
test_nocheckcertificate (test.test_http.TestHTTP) ... ok
test_passed_cookie_header (test.test_http.TestHTTP) ... ok
test_percent_encode (test.test_http.TestHTTP) ... ok
test_redirect (test.test_http.TestHTTP) ... ok
test_remove_dot_segments (test.test_http.TestHTTP) ... ok
test_unicode_path_redirection (test.test_http.TestHTTP) ... ok
test_unsupported_encoding (test.test_http.TestHTTP) ... ok
test_update_req (test.test_http.TestHTTP) ... ok
test_proxy (test.test_http.TestProxy) ... ok
test_proxy_with_idn (test.test_http.TestProxy) ... ok
test_32066 (test.test_jsinterp.TestJSInterpreter) ... ok
test_Date (test.test_jsinterp.TestJSInterpreter) ... ok
test_add (test.test_jsinterp.TestJSInterpreter) ... ok
test_array_access (test.test_jsinterp.TestJSInterpreter) ... ok
test_assignments (test.test_jsinterp.TestJSInterpreter) ... ok
test_basic (test.test_jsinterp.TestJSInterpreter) ... ok
test_bitwise_operators_overflow (test.test_jsinterp.TestJSInterpreter) ... ok
test_bitwise_operators_typecast (test.test_jsinterp.TestJSInterpreter) ... ERROR
test_builtins (test.test_jsinterp.TestJSInterpreter) ... ok
test_calc (test.test_jsinterp.TestJSInterpreter) ... ok
test_call (test.test_jsinterp.TestJSInterpreter) ... ok
test_catch (test.test_jsinterp.TestJSInterpreter) ... ok
test_char_code_at (test.test_jsinterp.TestJSInterpreter) ... ok
test_comma (test.test_jsinterp.TestJSInterpreter) ... ok
test_comments (test.test_jsinterp.TestJSInterpreter) ... ok
test_div (test.test_jsinterp.TestJSInterpreter) ... ok
test_elseif (test.test_jsinterp.TestJSInterpreter) ... ok
test_empty_return (test.test_jsinterp.TestJSInterpreter) ... ok
test_exp (test.test_jsinterp.TestJSInterpreter) ... ok
test_finally (test.test_jsinterp.TestJSInterpreter) ... ok
test_forEach (test.test_jsinterp.TestJSInterpreter) ... ok
test_for_loop (test.test_jsinterp.TestJSInterpreter) ... ok
test_for_loop_break (test.test_jsinterp.TestJSInterpreter) ... ok
test_for_loop_continue (test.test_jsinterp.TestJSInterpreter) ... ok
test_for_loop_try (test.test_jsinterp.TestJSInterpreter) ... ok
test_if (test.test_jsinterp.TestJSInterpreter) ... ok
test_indexing (test.test_jsinterp.TestJSInterpreter) ... ok
test_join (test.test_jsinterp.TestJSInterpreter) ... ok
test_literal_list (test.test_jsinterp.TestJSInterpreter) ... ok
test_mod (test.test_jsinterp.TestJSInterpreter) ... ok
test_morespace (test.test_jsinterp.TestJSInterpreter) ... ok
test_mul (test.test_jsinterp.TestJSInterpreter) ... ok
test_negative (test.test_jsinterp.TestJSInterpreter) ... ok
test_nested_try (test.test_jsinterp.TestJSInterpreter) ... ok
test_null (test.test_jsinterp.TestJSInterpreter) ... ok
test_object (test.test_jsinterp.TestJSInterpreter) ... ok
test_operators (test.test_jsinterp.TestJSInterpreter) ... ok
test_packed (test.test_jsinterp.TestJSInterpreter) ... SKIP: Not yet working
test_parens (test.test_jsinterp.TestJSInterpreter) ... ok
test_pop (test.test_jsinterp.TestJSInterpreter) ... ok
test_precedence (test.test_jsinterp.TestJSInterpreter) ... ok
test_quotes (test.test_jsinterp.TestJSInterpreter) ... ok
test_regex (test.test_jsinterp.TestJSInterpreter) ... ok
test_replace (test.test_jsinterp.TestJSInterpreter) ... ok
test_return_function (test.test_jsinterp.TestJSInterpreter) ... ok
test_shift (test.test_jsinterp.TestJSInterpreter) ... ok
test_slice (test.test_jsinterp.TestJSInterpreter) ... ok
test_split (test.test_jsinterp.TestJSInterpreter) ... ok
test_strange_chars (test.test_jsinterp.TestJSInterpreter) ... ok
test_sub (test.test_jsinterp.TestJSInterpreter) ... ok
test_switch (test.test_jsinterp.TestJSInterpreter) ... ok
test_switch_default (test.test_jsinterp.TestJSInterpreter) ... ok
test_try (test.test_jsinterp.TestJSInterpreter) ... ok
test_typeof (test.test_jsinterp.TestJSInterpreter) ... ok
test_undefined (test.test_jsinterp.TestJSInterpreter) ... ok
test_void (test.test_jsinterp.TestJSInterpreter) ... ok
test_while_loop (test.test_jsinterp.TestJSInterpreter) ... ok
test_netrc_present (test.test_netrc.TestNetRc) ... ok
test_hide_login_info (test.test_options.TestOptions) ... ok
test_format_to_regex (test.test_postprocessors.TestMetadataFromTitle) ... ok
test_python_impl (test.test_python.TestPython) ... ok
test_python_ver (test.test_python.TestPython) ... ok
test_swf_ArrayAccess (test.test_swfinterp.TestSWFInterpreter) ... SKIP: mxmlc not found!
test_swf_ClassCall (test.test_swfinterp.TestSWFInterpreter) ... SKIP: mxmlc not found!
test_swf_ClassConstruction (test.test_swfinterp.TestSWFInterpreter) ... SKIP: mxmlc not found!
test_swf_ConstArrayAccess (test.test_swfinterp.TestSWFInterpreter) ... SKIP: mxmlc not found!
test_swf_ConstantInt (test.test_swfinterp.TestSWFInterpreter) ... SKIP: mxmlc not found!
test_swf_DictCall (test.test_swfinterp.TestSWFInterpreter) ... SKIP: mxmlc not found!
test_swf_EqualsOperator (test.test_swfinterp.TestSWFInterpreter) ... SKIP: mxmlc not found!
test_swf_LocalVars (test.test_swfinterp.TestSWFInterpreter) ... SKIP: mxmlc not found!
test_swf_MemberAssignment (test.test_swfinterp.TestSWFInterpreter) ... SKIP: mxmlc not found!
test_swf_NeOperator (test.test_swfinterp.TestSWFInterpreter) ... SKIP: mxmlc not found!
test_swf_PrivateCall (test.test_swfinterp.TestSWFInterpreter) ... SKIP: mxmlc not found!
test_swf_PrivateVoidCall (test.test_swfinterp.TestSWFInterpreter) ... SKIP: mxmlc not found!
test_swf_StaticAssignment (test.test_swfinterp.TestSWFInterpreter) ... SKIP: mxmlc not found!
test_swf_StaticRetrieval (test.test_swfinterp.TestSWFInterpreter) ... SKIP: mxmlc not found!
test_swf_StringBasics (test.test_swfinterp.TestSWFInterpreter) ... SKIP: mxmlc not found!
test_swf_StringCharCodeAt (test.test_swfinterp.TestSWFInterpreter) ... SKIP: mxmlc not found!
test_swf_StringConversion (test.test_swfinterp.TestSWFInterpreter) ... SKIP: mxmlc not found!
test_dict_get (test.test_traversal.TestTraversal) ... ok
test_get_first (test.test_traversal.TestTraversal) ... ok
test_traversal_morsel (test.test_traversal.TestTraversal) ... ok
test_traversal_unbranching (test.test_traversal.TestTraversal) ... ok
test_traverse_obj (test.test_traversal.TestTraversal) ... ok
test_all_files (test.test_unicode_literals.TestUnicodeLiterals) ... ok
test_rsa_verify (test.test_update.TestUpdate) ... ok
test_LazyList (test.test_utils.TestUtil) ... ok
test_LazyList_laziness (test.test_utils.TestUtil) ... ok
test_age_restricted (test.test_utils.TestUtil) ... ok
test_args_to_str (test.test_utils.TestUtil) ... ok
test_base_url (test.test_utils.TestUtil) ... ok
test_caesar (test.test_utils.TestUtil) ... ok
test_clean_html (test.test_utils.TestUtil) ... ok
test_clean_podcast_url (test.test_utils.TestUtil) ... ok
test_cli_bool_option (test.test_utils.TestUtil) ... ok
test_cli_option (test.test_utils.TestUtil) ... ok
test_cli_valueless_option (test.test_utils.TestUtil) ... ok
test_date_from_str (test.test_utils.TestUtil) ... ok
test_daterange (test.test_utils.TestUtil) ... ok
test_detect_exe_version (test.test_utils.TestUtil) ... ok
test_determine_ext (test.test_utils.TestUtil) ... ok
test_dfxp2srt (test.test_utils.TestUtil) ... ok
test_encode_base_n (test.test_utils.TestUtil) ... ok
test_encode_compat_str (test.test_utils.TestUtil) ... ok
test_escape_rfc3986 (test.test_utils.TestUtil) ... ok
test_escape_url (test.test_utils.TestUtil) ... ok
test_expand_path (test.test_utils.TestUtil) ... ok
test_extract_attributes (test.test_utils.TestUtil) ... ok
test_find_xpath_attr (test.test_utils.TestUtil) ... ok
test_fix_xml_ampersands (test.test_utils.TestUtil) ... ok
test_float_or_none (test.test_utils.TestUtil) ... ok
test_get_element_by_attribute (test.test_utils.TestUtil) ... ok
test_get_element_by_class (test.test_utils.TestUtil) ... ok
test_get_elements_by_attribute (test.test_utils.TestUtil) ... ok
test_get_elements_by_class (test.test_utils.TestUtil) ... ok
test_int_or_none (test.test_utils.TestUtil) ... ok
test_intlist_to_bytes (test.test_utils.TestUtil) ... ok
test_is_html (test.test_utils.TestUtil) ... ok
test_join_nonempty (test.test_utils.TestUtil) ... ok
test_js_to_json_edgecases (test.test_utils.TestUtil) ... ok
test_js_to_json_malformed (test.test_utils.TestUtil) ... ok
test_js_to_json_realworld (test.test_utils.TestUtil) ... ok
test_js_to_json_template_literal (test.test_utils.TestUtil) ... ok
test_js_to_json_vars_strings (test.test_utils.TestUtil) ... ok
test_limit_length (test.test_utils.TestUtil) ... ok
test_lowercase_escape (test.test_utils.TestUtil) ... ok
test_match_str (test.test_utils.TestUtil) ... ok
test_merge_dicts (test.test_utils.TestUtil) ... ok
test_mimetype2ext (test.test_utils.TestUtil) ... ok
test_month_by_name (test.test_utils.TestUtil) ... ok
test_multipart_encode (test.test_utils.TestUtil) ... ok
test_ohdave_rsa_encrypt (test.test_utils.TestUtil) ... ok
test_ordered_set (test.test_utils.TestUtil) ... ok
test_paged_list (test.test_utils.TestUtil) ... ok
test_parse_age_limit (test.test_utils.TestUtil) ... ok
test_parse_bitrate (test.test_utils.TestUtil) ... ok
test_parse_codecs (test.test_utils.TestUtil) ... WARNING: Unknown codec newcodec
WARNING: Unknown codec unknownvcodec
WARNING: Unknown codec unknownacodec
WARNING: Unknown codec unknown
ok
test_parse_count (test.test_utils.TestUtil) ... ok
test_parse_dfxp_time_expr (test.test_utils.TestUtil) ... ok
test_parse_duration (test.test_utils.TestUtil) ... ok
test_parse_filesize (test.test_utils.TestUtil) ... ok
test_parse_iso8601 (test.test_utils.TestUtil) ... ok
test_parse_resolution (test.test_utils.TestUtil) ... ok
test_pkcs1pad (test.test_utils.TestUtil) ... ok
test_prepend_extension (test.test_utils.TestUtil) ... ok
test_read_batch_urls (test.test_utils.TestUtil) ... ok
test_remove_dot_segments (test.test_utils.TestUtil) ... ok
test_remove_end (test.test_utils.TestUtil) ... ok
test_remove_quotes (test.test_utils.TestUtil) ... ok
test_remove_start (test.test_utils.TestUtil) ... ok
test_render_table (test.test_utils.TestUtil) ... ok
test_replace_extension (test.test_utils.TestUtil) ... ok
test_rot47 (test.test_utils.TestUtil) ... ok
test_sanitize_filename (test.test_utils.TestUtil) ... ok
test_sanitize_filename_restricted (test.test_utils.TestUtil) ... ok
test_sanitize_ids (test.test_utils.TestUtil) ... ok
test_sanitize_path (test.test_utils.TestUtil) ... ok
test_sanitize_url (test.test_utils.TestUtil) ... ok
test_sanitized_Request (test.test_utils.TestUtil) ... ok
test_shell_quote (test.test_utils.TestUtil) ... ok
test_smuggle_url (test.test_utils.TestUtil) ... ok
test_str_to_int (test.test_utils.TestUtil) ... ok
test_strip_jsonp (test.test_utils.TestUtil) ... ok
test_strip_or_none (test.test_utils.TestUtil) ... ok
test_subtitles_filename (test.test_utils.TestUtil) ... ok
test_timeconvert (test.test_utils.TestUtil) ... ok
test_try_call (test.test_utils.TestUtil) ... ok
test_unescape_html (test.test_utils.TestUtil) ... ok
test_unified_dates (test.test_utils.TestUtil) ... ok
test_unified_timestamps (test.test_utils.TestUtil) ... ok
test_update_url_query (test.test_utils.TestUtil) ... ok
test_uppercase_escape (test.test_utils.TestUtil) ... ok
test_url_basename (test.test_utils.TestUtil) ... ok
test_url_or_none (test.test_utils.TestUtil) ... ok
test_urlencode_postdata (test.test_utils.TestUtil) ... ok
test_urljoin (test.test_utils.TestUtil) ... ok
test_urshift (test.test_utils.TestUtil) ... ok
test_variadic (test.test_utils.TestUtil) ... ok
test_version_tuple (test.test_utils.TestUtil) ... ok
test_xpath_attr (test.test_utils.TestUtil) ... ok
test_xpath_element (test.test_utils.TestUtil) ... ok
test_xpath_text (test.test_utils.TestUtil) ... ok
test_xpath_with_ns (test.test_utils.TestUtil) ... ok
test_private_info_arg (test.test_verbose_output.TestVerboseOutput) ... ok
test_private_info_eq (test.test_verbose_output.TestVerboseOutput) ... ok
test_private_info_shortarg (test.test_verbose_output.TestVerboseOutput) ... ok
test_private_info_shortarg_eq (test.test_verbose_output.TestVerboseOutput) ... ok
test_youtube_extract (test.test_youtube_misc.TestYoutubeMisc) ... ok
2025-02-06T20:46:28.3149036Z
======================================================================
ERROR: test_bitwise_operators_typecast (test.test_jsinterp.TestJSInterpreter)

Traceback (most recent call last):
File "/home/runner/work/youtube-dl/youtube-dl/youtube_dl/jsinterp.py", line 583, in _operator
return opfunc(left_val, right_val)
File "/home/runner/work/youtube-dl/youtube-dl/youtube_dl/jsinterp.py", line 80, in wrapped
return op(zeroise(a), zeroise(b)) & 0xffffffff
TypeError: unsupported operand type(s) for <<: 'float' and 'int'
2025-02-06T20:46:28.3162157Z
During handling of the above exception, another exception occurred:
2025-02-06T20:46:28.3162862Z
Traceback (most recent call last):
File "/home/runner/work/youtube-dl/youtube-dl/test/test_jsinterp.py", line 462, in test_bitwise_operators_typecast
self._test('function f(){return 0.0 << null}', 0)
File "/home/runner/work/youtube-dl/youtube-dl/test/test_jsinterp.py", line 25, in _test
got = jsi_or_code.call_function(func, *args)
File "/home/runner/work/youtube-dl/youtube-dl/youtube_dl/jsinterp.py", line 1296, in call_function
return self.extract_function(funcname)(args, kw_global_vars)
File "/home/runner/work/youtube-dl/youtube-dl/youtube_dl/jsinterp.py", line 43, in __call__
return self.func(*args, **kwargs)
File "/home/runner/work/youtube-dl/youtube-dl/youtube_dl/jsinterp.py", line 1320, in resf
ret, should_abort = self.interpret_statement(code.replace('\n', ' '), var_stack, allow_recursion - 1)
File "/home/runner/work/youtube-dl/youtube-dl/youtube_dl/jsinterp.py", line 362, in interpret_statement
ret, should_ret = f(self, stmt, local_vars, allow_recursion, *args, **kwargs)
File "/home/runner/work/youtube-dl/youtube-dl/youtube_dl/jsinterp.py", line 993, in interpret_statement
op_result = self.handle_operators(expr, local_vars, allow_recursion)
File "/home/runner/work/youtube-dl/youtube-dl/youtube_dl/jsinterp.py", line 662, in handle_operators
return self._operator(op, left_val, right_expr, expr, local_vars, allow_recursion), True
File "/home/runner/work/youtube-dl/youtube-dl/youtube_dl/jsinterp.py", line 585, in _operator
raise self.Exception('Failed to evaluate {left_val!r:.50} {op} {right_val!r:.50}'.format(**locals()), expr, cause=e)
youtube_dl.jsinterp.Exception: Failed to evaluate 0.0 << None (caused by TypeError("unsupported operand type(s) for <<: 'float' and 'int'",)); please report this issue on https://github.com/ytdl-org/youtube-dl/issues , using the appropriate issue template. Make sure you are using the latest version; see  https://github.com/ytdl-org/youtube-dl/#user-content-installation  on how to update. Be sure to call youtube-dl with the --verbose option and include the complete output.
2025-02-06T20:46:28.3184116Z

Ran 304 tests in 39.009s
2025-02-06T20:46:28.3184972Z
FAILED (SKIP=24, errors=1)
##[error]Process completed with exit code 1.
